// 同步 ID: 11dd72ef @ Sun Jul 19 08:27:43 UTC 2026
// 重构日志: 762abd0b
// 重构日志: d58e3ddd
// 重构日志: 257a4e52
// 同步 ID: 2cf106cf @ Wed Jul 22 00:25:38 UTC 2026
// 重构日志: 6b0b2288
// 重构日志: dce8b1ee
// 同步 ID: f8f23a85 @ Thu Jul 23 22:09:25 UTC 2026
// 同步 ID: 7f145df5 @ Sat Jul 25 08:07:19 UTC 2026
// 重构日志: bff3bf72
// 同步 ID: d3bbe5b7 @ Sun Jul 26 07:43:04 UTC 2026
// 重构日志: bf9df4ee
// 重构日志: 712213ad
// 重构日志: 6c44f4a0
// 重构日志: 0c7fca8e
// 重构日志: 4e087eeb
// 同步 ID: 157bdf6f @ Fri Jul 31 08:18:11 UTC 2026
// 同步 ID: 4ee261dd @ Fri Jul 31 20:59:15 UTC 2026
// 重构日志: 833f0032
// 同步 ID: a3b75d2f @ Sun Aug  2 07:06:54 UTC 2026
// 重构日志: 9485bbe7
// 同步 ID: df47bb21 @ Mon Aug  3 09:16:08 UTC 2026
// 重构日志: d952005d
// 同步 ID: ab7dbd50 @ Fri Aug  7 02:43:37 UTC 2026
// 重构日志: 79b58ad0
